
> recovery-log@0.1.0 build
> react-scripts build

(node:93676) [DEP0176] DeprecationWarning: fs.F_OK is deprecated, use fs.constants.F_OK instead
(Use `node --trace-deprecation ...` to show where the warning was created)
Creating an optimized production build...
Compiled with warnings.

[eslint] 
src/App.js
  Line 19:33:  'checkStreakAndNotify' is defined but never used  no-unused-vars

src/Toast.js
  Line 1:27:  'useEffect' is defined but never used  no-unused-vars

src/intelligence.js
  Line 6:9:  'yesterday' is assigned a value but never used  no-unused-vars

src/screens/CheckIn.js
  Line 10:9:   'pct' is assigned a value but never used           no-unused-vars
  Line 47:21:  'setHydration' is assigned a value but never used  no-unused-vars

src/screens/Experiments.js
  Line 135:10:  'starting' is assigned a value but never used  no-unused-vars

src/screens/Home.js
  Line 19:10:  'todayLog' is assigned a value but never used         no-unused-vars
  Line 21:10:  'perfLogs' is assigned a value but never used         no-unused-vars
  Line 22:10:  'recoveryActions' is assigned a value but never used  no-unused-vars

src/screens/Journal.js
  Line 27:10:  'loading' is assigned a value but never used  no-unused-vars

src/screens/Profile.js
  Line 6:10:  'loading' is assigned a value but never used  no-unused-vars

Search for the keywords to learn more about each warning.
To ignore, add // eslint-disable-next-line to the line before.

File sizes after gzip:

  138.78 kB  build/static/js/main.ee83b3be.js
  1.76 kB    build/static/js/453.da0f89c7.chunk.js
  1.15 kB    build/static/css/main.16258172.css

The project was built assuming it is hosted at /.
You can control this with the homepage field in your package.json.

The build folder is ready to be deployed.
You may serve it with a static server:

  npm install -g serve
  serve -s build

Find out more about deployment here:

  https://cra.link/deployment

